#-----------------------------------------------------------
# Vivado v2024.2 (64-bit)
# SW Build 5239630 on Fri Nov 08 22:35:27 MST 2024
# IP Build 5239520 on Sun Nov 10 16:12:51 MST 2024
# SharedData Build 5239561 on Fri Nov 08 14:39:27 MST 2024
# Start of session at: Tue Dec 16 22:19:12 2025
# Process ID         : 16648
# Current directory  : C:/Users/Nguyen Ha Hai/axi4-system-suite/synthesis/scripts/vivado
# Command line       : vivado.exe -mode batch -source C:\Users\Nguyen Ha Hai\axi4-system-suite\synthesis\scripts\vivado\run_simulation_batch.tcl
# Log file           : C:/Users/Nguyen Ha Hai/axi4-system-suite/synthesis/scripts/vivado/vivado.log
# Journal file       : C:/Users/Nguyen Ha Hai/axi4-system-suite/synthesis/scripts/vivado\vivado.jou
# Running On         : NGUYEN-HA-HAI
# Platform           : Windows Server 2016 or Windows 10
# Operating System   : 26200
# Processor Detail   : AMD Ryzen 7 5800H with Radeon Graphics         
# CPU Frequency      : 3194 MHz
# CPU Physical cores : 8
# CPU Logical cores  : 16
# Host memory        : 16483 MB
# Swap memory        : 16673 MB
# Total Virtual      : 33157 MB
# Available Virtual  : 2165 MB
#-----------------------------------------------------------
source {C:\Users\Nguyen Ha Hai\axi4-system-suite\synthesis\scripts\vivado\run_simulation_batch.tcl}
