#-----------------------------------------------------------
# Vivado v2024.2 (64-bit)
# SW Build 5239630 on Fri Nov 08 22:35:27 MST 2024
# IP Build 5239520 on Sun Nov 10 16:12:51 MST 2024
# SharedData Build 5239561 on Fri Nov 08 14:39:27 MST 2024
# Start of session at: Sun Dec 21 22:09:16 2025
# Process ID         : 15036
# Current directory  : C:/Users/Nguyen Ha Hai/axi4-system-suite/synthesis/scripts/vivado/axi4_system_sv_kv260/axi4_system_sv_kv260.runs/impl_1
# Command line       : vivado.exe -log design_1_wrapper.vdi -applog -product Vivado -messageDb vivado.pb -mode batch -source design_1_wrapper.tcl -notrace
# Log file           : C:/Users/Nguyen Ha Hai/axi4-system-suite/synthesis/scripts/vivado/axi4_system_sv_kv260/axi4_system_sv_kv260.runs/impl_1/design_1_wrapper.vdi
# Journal file       : C:/Users/Nguyen Ha Hai/axi4-system-suite/synthesis/scripts/vivado/axi4_system_sv_kv260/axi4_system_sv_kv260.runs/impl_1\vivado.jou
# Running On         : NGUYEN-HA-HAI
# Platform           : Windows Server 2016 or Windows 10
# Operating System   : 26200
# Processor Detail   : AMD Ryzen 7 5800H with Radeon Graphics         
# CPU Frequency      : 3194 MHz
# CPU Physical cores : 8
# CPU Logical cores  : 16
# Host memory        : 16483 MB
# Swap memory        : 16483 MB
# Total Virtual      : 32967 MB
# Available Virtual  : 13172 MB
#-----------------------------------------------------------
source design_1_wrapper.tcl -notrace
